#
# There is insufficient memory for the Java Runtime Environment to continue.
# Native memory allocation (mmap) failed to map 532676608 bytes for G1 virtual space
# Possible reasons:
#   The system is out of physical RAM or swap space
#   The process is running with CompressedOops enabled, and the Java Heap may be blocking the growth of the native heap
# Possible solutions:
#   Reduce memory load on the system
#   Increase physical memory or swap space
#   Check if swap backing store is full
#   Decrease Java heap size (-Xmx/-Xms)
#   Decrease number of Java threads
#   Decrease Java thread stack sizes (-Xss)
#   Set larger code cache with -XX:ReservedCodeCacheSize=
#   JVM is running with Zero Based Compressed Oops mode in which the Java heap is
#     placed in the first 32GB address space. The Java Heap base address is the
#     maximum limit for the native heap growth. Please use -XX:HeapBaseMinAddress
#     to set the Java Heap base and to place the Java Heap above 32GB virtual address.
# This output file may be truncated or incomplete.
#
#  Out of Memory Error (os_windows.cpp:3747), pid=37356, tid=39176
#
# JRE version:  (17.0.3+7) (build )
# Java VM: OpenJDK 64-Bit Server VM (17.0.3+7-b469.32, mixed mode, sharing, tiered, compressed oops, compressed class ptrs, g1 gc, windows-amd64)
# No core dump will be written. Minidumps are not enabled by default on client versions of Windows
#

---------------  S U M M A R Y ------------

Command Line: git4idea.http.GitAskPassApp Username for 'https://github.com': 

Host: 11th Gen Intel(R) Core(TM) i5-11400H @ 2.70GHz, 12 cores, 31G,  Windows 10 , 64 bit Build 19041 (10.0.19041.4957)
Time: Sun Oct 20 12:52:43 2024 RTZ 4 (s 10 , 64 bit Build 19041 (10.0.19041.4957) elapsed time: 0.005626 seconds (0d 0h 0m 0s)

---------------  T H R E A D  ---------------

Current thread (0x000002686344acf0):  JavaThread "Unknown thread" [_thread_in_vm, id=39176, stack(0x0000007bafc00000,0x0000007bafd00000)]

Stack: [0x0000007bafc00000,0x0000007bafd00000]
Native frames: (J=compiled Java code, j=interpreted, Vv=VM code, C=native code)
V  [jvm.dll+0x681f8a]
V  [jvm.dll+0x83e374]
V  [jvm.dll+0x83fb1e]
V  [jvm.dll+0x840183]
V  [jvm.dll+0x2492a5]
V  [jvm.dll+0x67ee59]
V  [jvm.dll+0x67355a]
V  [jvm.dll+0x308fab]
V  [jvm.dll+0x310466]
V  [jvm.dll+0x3601de]
V  [jvm.dll+0x36040f]
V  [jvm.dll+0x2df098]
V  [jvm.dll+0x2e0004]
V  [jvm.dll+0x80fc61]
V  [jvm.dll+0x36df61]
V  [jvm.dll+0x7ef17c]
V  [jvm.dll+0x3f10ef]
V  [jvm.dll+0x3f2c31]
C  [jli.dll+0x526b]
C  [ucrtbase.dll+0x21bb2]
C  [KERNEL32.DLL+0x17374]
C  [ntdll.dll+0x4cc91]


---------------  P R O C E S S  ---------------

Threads class SMR info:
_java_thread_list=0x00007ff8a84d6f18, length=0, elements={
}

Java Threads: ( => current thread )

Other Threads:
  0x00000268634f7fe0 GCTaskThread "GC Thread#0" [stack: 0x0000007bafd00000,0x0000007bafe00000] [id=35140]
  0x0000026863508d20 ConcurrentGCThread "G1 Main Marker" [stack: 0x0000007bafe00000,0x0000007baff00000] [id=39408]
  0x0000026863509f40 ConcurrentGCThread "G1 Conc#0" [stack: 0x0000007baff00000,0x0000007bb0000000] [id=37476]

[error occurred during error reporting (printing all threads), id 0xc0000005, EXCEPTION_ACCESS_VIOLATION (0xc0000005) at pc=0x00007ff8a7c8fc57]

VM state: not at safepoint (not fully initialized)

VM Mutex/Monitor currently owned by a thread:  ([mutex/lock_event])
[0x0000026863445b30] Heap_lock - owner thread: 0x000002686344acf0

Heap address: 0x0000000604000000, size: 8128 MB, Compressed Oops mode: Zero based, Oop shift amount: 3

CDS archive(s) mapped at: [0x0000000000000000-0x0000000000000000-0x0000000000000000), size 0, SharedBaseAddress: 0x0000000800000000, ArchiveRelocationMode: 0.
Narrow klass base: 0x0000000000000000, Narrow klass shift: 0, Narrow klass range: 0x0

GC Precious Log:
<Empty>

Heap:
 garbage-first heap   total 0K, used 0K [0x0000000604000000, 0x0000000800000000)
  region size 4096K, 0 young (0K), 0 survivors (0K)

[error occurred during error reporting (printing heap information), id 0xc0000005, EXCEPTION_ACCESS_VIOLATION (0xc0000005) at pc=0x00007ff8a807bbd9]

GC Heap History (0 events):
No events

Deoptimization events (0 events):
No events

Classes unloaded (0 events):
No events

Classes redefined (0 events):
No events

Internal exceptions (0 events):
No events

VM Operations (0 events):
No events

Events (1 events):
Event: 0.003 Loaded shared library D:\PyCharm 2022.2\jbr\bin\java.dll


Dynamic libraries:
0x00007ff648230000 - 0x00007ff64823a000 	D:\PyCharm 2022.2\jbr\bin\java.exe
0x00007ff91a830000 - 0x00007ff91aa28000 	C:\Windows\SYSTEM32\ntdll.dll
0x00007ff9190f0000 - 0x00007ff9191b2000 	C:\Windows\System32\KERNEL32.DLL
0x00007ff918280000 - 0x00007ff91857e000 	C:\Windows\System32\KERNELBASE.dll
0x00007ff918180000 - 0x00007ff918280000 	C:\Windows\System32\ucrtbase.dll
0x00007ff90a400000 - 0x00007ff90a41b000 	D:\PyCharm 2022.2\jbr\bin\VCRUNTIME140.dll
0x00007ff9099e0000 - 0x00007ff9099f7000 	D:\PyCharm 2022.2\jbr\bin\jli.dll
0x00007ff9191c0000 - 0x00007ff91935d000 	C:\Windows\System32\USER32.dll
0x00007ff902180000 - 0x00007ff90241a000 	C:\Windows\WinSxS\amd64_microsoft.windows.common-controls_6595b64144ccf1df_6.0.19041.4355_none_60b8b9eb71f62e16\COMCTL32.dll
0x00007ff9180a0000 - 0x00007ff9180c2000 	C:\Windows\System32\win32u.dll
0x00007ff919940000 - 0x00007ff91996b000 	C:\Windows\System32\GDI32.dll
0x00007ff91a550000 - 0x00007ff91a5ee000 	C:\Windows\System32\msvcrt.dll
0x00007ff918580000 - 0x00007ff918697000 	C:\Windows\System32\gdi32full.dll
0x00007ff9187b0000 - 0x00007ff91884d000 	C:\Windows\System32\msvcp_win.dll
0x00007ff9194a0000 - 0x00007ff9194cf000 	C:\Windows\System32\IMM32.DLL
0x00007ff913610000 - 0x00007ff91361c000 	D:\PyCharm 2022.2\jbr\bin\vcruntime140_1.dll
0x00007ff8febb0000 - 0x00007ff8fec3d000 	D:\PyCharm 2022.2\jbr\bin\msvcp140.dll
0x00007ff8a79a0000 - 0x00007ff8a8608000 	D:\PyCharm 2022.2\jbr\bin\server\jvm.dll
0x00007ff91a6b0000 - 0x00007ff91a762000 	C:\Windows\System32\ADVAPI32.dll
0x00007ff9195c0000 - 0x00007ff919660000 	C:\Windows\System32\sechost.dll
0x00007ff919f80000 - 0x00007ff91a0a3000 	C:\Windows\System32\RPCRT4.dll
0x00007ff9186a0000 - 0x00007ff9186c7000 	C:\Windows\System32\bcrypt.dll
0x00007ff919660000 - 0x00007ff919668000 	C:\Windows\System32\PSAPI.DLL
0x00007ff900d90000 - 0x00007ff900d99000 	C:\Windows\SYSTEM32\WSOCK32.dll
0x00007ff919aa0000 - 0x00007ff919b0b000 	C:\Windows\System32\WS2_32.dll
0x00007ff90b9f0000 - 0x00007ff90ba17000 	C:\Windows\SYSTEM32\WINMM.dll
0x00007ff90bc40000 - 0x00007ff90bc4a000 	C:\Windows\SYSTEM32\VERSION.dll
0x00007ff9166b0000 - 0x00007ff9166c2000 	C:\Windows\SYSTEM32\kernel.appcore.dll
0x00007ff90b230000 - 0x00007ff90b23a000 	D:\PyCharm 2022.2\jbr\bin\jimage.dll
0x00007ff9163b0000 - 0x00007ff916594000 	C:\Windows\SYSTEM32\DBGHELP.DLL
0x00007ff90aff0000 - 0x00007ff90b024000 	C:\Windows\SYSTEM32\dbgcore.DLL
0x00007ff918720000 - 0x00007ff9187a2000 	C:\Windows\System32\bcryptPrimitives.dll
0x00007ff907490000 - 0x00007ff9074b5000 	D:\PyCharm 2022.2\jbr\bin\java.dll

dbghelp: loaded successfully - version: 4.0.5 - missing functions: none
symbol engine: initialized successfully - sym options: 0x614 - pdb path: .;D:\PyCharm 2022.2\jbr\bin;C:\Windows\SYSTEM32;C:\Windows\WinSxS\amd64_microsoft.windows.common-controls_6595b64144ccf1df_6.0.19041.4355_none_60b8b9eb71f62e16;D:\PyCharm 2022.2\jbr\bin\server

VM Arguments:
java_command: git4idea.http.GitAskPassApp Username for 'https://github.com': 
java_class_path (initial): D:/PyCharm 2022.2/plugins/git4idea/lib/git4idea-rt.jar;D:/PyCharm 2022.2/lib/externalProcess-rt.jar;D:/PyCharm 2022.2/lib/app.jar;D:/PyCharm 2022.2/lib/3rd-party-rt.jar
Launcher Type: SUN_STANDARD

[Global flags]
     intx CICompilerCount                          = 4                                         {product} {ergonomic}
     uint ConcGCThreads                            = 3                                         {product} {ergonomic}
     uint G1ConcRefinementThreads                  = 10                                        {product} {ergonomic}
   size_t G1HeapRegionSize                         = 4194304                                   {product} {ergonomic}
    uintx GCDrainStackTargetSize                   = 64                                        {product} {ergonomic}
   size_t InitialHeapSize                          = 532676608                                 {product} {ergonomic}
   size_t MarkStackSize                            = 4194304                                   {product} {ergonomic}
   size_t MaxHeapSize                              = 8522825728                                {product} {ergonomic}
   size_t MinHeapDeltaBytes                        = 4194304                                   {product} {ergonomic}
   size_t MinHeapSize                              = 8388608                                   {product} {ergonomic}
    uintx NonNMethodCodeHeapSize                   = 5839372                                {pd product} {ergonomic}
    uintx NonProfiledCodeHeapSize                  = 122909434                              {pd product} {ergonomic}
    uintx ProfiledCodeHeapSize                     = 122909434                              {pd product} {ergonomic}
    uintx ReservedCodeCacheSize                    = 251658240                              {pd product} {ergonomic}
     bool SegmentedCodeCache                       = true                                      {product} {ergonomic}
   size_t SoftMaxHeapSize                          = 8522825728                             {manageable} {ergonomic}
     bool UseCompressedClassPointers               = true                           {product lp64_product} {ergonomic}
     bool UseCompressedOops                        = true                           {product lp64_product} {ergonomic}
     bool UseG1GC                                  = true                                      {product} {ergonomic}
     bool UseLargePagesIndividualAllocation        = false                                  {pd product} {ergonomic}

Logging:
Log output configuration:
 #0: stdout all=warning uptime,level,tags
 #1: stderr all=off uptime,level,tags

Environment Variables:
PATH=C:\Program Files\Git\mingw64\libexec\git-core;C:\Program Files\Git\mingw64\libexec\git-core;C:\Program Files\Git\mingw64\bin;C:\Program Files\Git\usr\bin;C:\Users\Flamme Mellivora\bin;D:\Gavrila_Bot\venv\Scripts;C:\Program Files (x86)\VMware\VMware Workstation\bin;C:\Windows\system32;C:\Windows;C:\Windows\System32\Wbem;C:\Windows\System32\WindowsPowerShell\v1.0;C:\Windows\System32\OpenSSH;C:\Program Files\NVIDIA Corporation\NVIDIA NvDLISR;C:\Program Files (x86)\NVIDIA Corporation\PhysX\Common;C:\Program Files\dotnet;C:\Program Files\PuTTY;C:\Program Files\Git\cmd;C:\Users\Flamme Mellivora\AppData\Local\Programs\Python\Python312\Scripts;C:\Users\Flamme Mellivora\AppData\Local\Programs\Python\Python312;C:\Users\Flamme Mellivora\AppData\Local\Microsoft\WindowsApps;D:\PyCharm 2022.2\bin;C:\Users\Flamme Mellivora\AppData\Local\GitHubDesktop\bin
USERNAME=Flamme Mellivora
DISPLAY=:0.0
LC_ALL=en_US.UTF-8
OS=Windows_NT
PROCESSOR_IDENTIFIER=Intel64 Family 6 Model 141 Stepping 1, GenuineIntel



---------------  S Y S T E M  ---------------

OS:
 Windows 10 , 64 bit Build 19041 (10.0.19041.4957)
OS uptime: 4 days 12:29 hours
Hyper-V role detected

CPU: total 12 (initial active 12) (6 cores per cpu, 2 threads per core) family 6 model 141 stepping 1 microcode 0x34, cx8, cmov, fxsr, ht, mmx, 3dnowpref, sse, sse2, sse3, ssse3, sse4.1, sse4.2, popcnt, lzcnt, tsc, tscinvbit, avx, avx2, aes, erms, clmul, bmi1, bmi2, adx, avx512f, avx512dq, avx512cd, avx512bw, avx512vl, sha, fma, vzeroupper, avx512_vpopcntdq, avx512_vpclmulqdq, avx512_vaes, avx512_vnni, clflush, clflushopt, clwb, avx512_vbmi2, avx512_vbmi, hv

Memory: 4k page, system-wide physical 32506M (17575M free)
TotalPageFile size 47772M (AvailPageFile size 124M)
current process WorkingSet (physical memory assigned to process): 10M, peak: 10M
current process commit charge ("private bytes"): 64M, peak: 572M

vm_info: OpenJDK 64-Bit Server VM (17.0.3+7-b469.32) for windows-amd64 JRE (17.0.3+7-b469.32), built on 2022-07-19 by "builduser" with MS VC++ 16.10 / 16.11 (VS2019)

END.
